// Jest Snapshot v1, https://goo.gl/fbAQLP

exports[`Filters component renders and reacts to input updates 1`] = `
<DocumentFragment>
  <div
    class="row"
  >
    <div
      class="form-group col-sm"
    >
      <label
        for="organization"
      >
        Organization
      </label>
      <input
        class="form-control"
        id="organization"
        type="text"
        value="test-org"
      />
    </div>
    <div
      class="form-group col-sm"
    >
      <label
        for="language"
      >
        Language
      </label>
      <select
        class="form-control"
        id="language"
      >
        <option
          value="JavaScript"
        >
          JavaScript
        </option>
        <option
          value="PHP"
        >
          PHP
        </option>
        <option
          value="Java"
        >
          Java
        </option>
      </select>
    </div>
  </div>
</DocumentFragment>
`;
